// Vitest Snapshot v1, https://vitest.dev/guide/snapshot.html

exports[`PostCard > should macth snapshot 1`] = `
<div
  class="post"
>
  <img
    alt="title1"
    src="img/img.png"
  />
  <div
    class="post-content"
  >
    <h2>
      title1
       
      1
    </h2>
    <p>
      body1
    </p>
  </div>
</div>
`;
